this is first line!
this is secind line:this is first line!
this is secind line:<?xml version="1.0" encoding="UTF-8" standalone="no"?>
<!DOCTYPE log SYSTEM "logger.dtd">
<log>
<record>
  <date>2026-02-07T09:24:51.004994100Z</date>
  <millis>1770456291004</millis>
  <nanos>994100</nanos>
  <sequence>3</sequence>
  <logger>LogginBasic</logger>
  <level>INFO</level>
  <class>LogginBasic</class>
  <method>main</method>
  <thread>3</thread>
  <message>this app is not working !</message>
</record>
<record>
  <date>2026-02-07T09:24:51.007993600Z</date>
  <millis>1770456291007</millis>
  <nanos>993600</nanos>
  <sequence>4</sequence>
  <logger>LogginBasic</logger>
  <level>WARNING</level>
  <class>LogginBasic</class>
  <method>main</method>
  <thread>3</thread>
  <message>please handle inpute exception!</message>
</record>
</log>
